DEBUG: Pacific Rim IS in img_ids!
DEBUG: Pacific Rim is NOT in kw_ids!
DEBUG PR: blended=0.8297529192390171, meta={'vote_average': 6.7, 'title': 'Pacific Rim', 'tmdb_id': 68726, 'release_date': '2013-07-11', 'genres': 'Action, Science Fiction, Adventure', 'year': 2013, 'keywords': 'dystopia, giant robot, giant monster, apocalypse, imax, duringcreditsstinger, 3d', 'revenue': 407602906}
Transformers: Revenge of the Fallen (2009) - Score: 0.9885 [Vis: 0.6479, Kw: 0.8494]
Transformers (2007) - Score: 0.9680 [Vis: 0.6408, Kw: 0.8087]
The Four Feathers (2002) - Score: 0.9353 [Vis: 0.6377, Kw: 0.8566]
Chain Reaction (1996) - Score: 0.8482 [Vis: 0.6236, Kw: 0.8851]
X-Men (2000) - Score: 0.8386 [Vis: 0.6422, Kw: 0.8582]
Melancholia (2011) - Score: 0.8377 [Vis: 0.6283, Kw: 0.8769]
Desperado (1995) - Score: 0.8369 [Vis: 0.6270, Kw: 0.8766]
Pacific Rim (2013) - Score: 0.8298 [Vis: 0.6417, Kw: 0.8369]
Surrogates (2009) - Score: 0.8294 [Vis: 0.6390, Kw: 0.8900]
Krampus (2015) - Score: 0.8280 [Vis: 0.6395, Kw: 0.8608]
Man of Steel (2013) - Score: 0.8272 [Vis: 0.6400, Kw: 0.8331]
Phenomenon (1996) - Score: 0.8255 [Vis: 0.6312, Kw: 0.8919]
The Kingdom (2007) - Score: 0.8243 [Vis: 0.6386, Kw: 0.8778]
The Darkest Hour (2011) - Score: 0.8239 [Vis: 0.6313, Kw: 0.8878]
Behind Enemy Lines (2001) - Score: 0.8223 [Vis: 0.6312, Kw: 0.8838]
A Sound of Thunder (2005) - Score: 0.8221 [Vis: 0.6290, Kw: 0.8867]
Extreme Ops (2002) - Score: 0.8219 [Vis: 0.6330, Kw: 0.8802]
Timecop (1994) - Score: 0.8195 [Vis: 0.6321, Kw: 0.8907]
eXistenZ (1999) - Score: 0.8189 [Vis: 0.6368, Kw: 0.8669]
Red Planet (2000) - Score: 0.8181 [Vis: 0.6252, Kw: 0.8824]
Transformers: Dark of the Moon (2011) - Score: 0.8167 [Vis: 0.6449, Kw: 0.7995]
Killers (2010) - Score: 0.8146 [Vis: 0.6386, Kw: 0.8538]
X-Men Origins: Wolverine (2009) - Score: 0.8133 [Vis: 0.6448, Kw: 0.8409]
The Matrix Reloaded (2003) - Score: 0.8133 [Vis: 0.6377, Kw: 0.8515]
Street Fighter: The Legend of Chun-Li (2009) - Score: 0.8087 [Vis: 0.6370, Kw: 0.8413]
9 (2009) - Score: 0.8065 [Vis: 0.6418, Kw: 0.8285]
Dragonfly (2002) - Score: 0.8050 [Vis: 0.6230, Kw: 0.8780]
Titan A.E. (2000) - Score: 0.8023 [Vis: 0.6504, Kw: 0.8801]
Independence Daysaster (2013) - Score: 0.7985 [Vis: 0.6379, Kw: 0.8893]
Impostor (2001) - Score: 0.7983 [Vis: 0.6421, Kw: 0.8077]
Split Second (1992) - Score: 0.7975 [Vis: 0.6393, Kw: 0.8549]
Open Water (2004) - Score: 0.7955 [Vis: 0.6368, Kw: 0.8835]
Another Earth (2011) - Score: 0.7955 [Vis: 0.6342, Kw: 0.8875]
Godzilla 2000 (1999) - Score: 0.7952 [Vis: 0.6374, Kw: 0.8819]
Tank Girl (1995) - Score: 0.7936 [Vis: 0.6354, Kw: 0.8810]
Hero (2002) - Score: 0.7912 [Vis: 0.6298, Kw: 0.8833]
The World's End (2013) - Score: 0.7903 [Vis: 0.6309, Kw: 0.8793]
Small Soldiers (1998) - Score: 0.7901 [Vis: 0.6280, Kw: 0.8833]
The Giver (2014) - Score: 0.7901 [Vis: 0.6368, Kw: 0.8699]
Bullet to the Head (2013) - Score: 0.7899 [Vis: 0.6326, Kw: 0.8759]
